// Jest Snapshot v1, https://goo.gl/fbAQLP

exports[`<App/> @renders default 1`] = `
<h1>
  Test App
</h1>
`;
